// Jest Snapshot v1, https://goo.gl/fbAQLP

exports[`AddForm renders 1`] = `
<form
  className="add-form"
  onSubmit={[Function]}
>
  <input
    className="add-input"
    placeholder="Habit"
    type="text"
  />
  <button
    className="add-button"
  >
    Add1
  </button>
</form>
`;
